// Jest Snapshot v1, https://goo.gl/fbAQLP

exports[`SongOrAlbumNFT Contract Owner can change the price of the token 1`] = `"0x0186a0"`;

exports[`SongOrAlbumNFT Contract Owner can change the single URI of the contracts tokens 1`] = `"foo"`;

exports[`SongOrAlbumNFT Contract Owner can sell the token if they own it 1`] = `
Object {
  "hex": "0x01",
  "type": "BigNumber",
}
`;

exports[`SongOrAlbumNFT Contract Owner cannot buy the token with an incorrect amount 1`] = `[ProviderError: Error: VM Exception while processing transaction: reverted with reason string 'incorrect amount sent']`;

exports[`SongOrAlbumNFT Contract Owner cannot change the price of the token if they no longer own it 1`] = `[ProviderError: Error: VM Exception while processing transaction: reverted with reason string 'cannot set the price for a token you don't currently own']`;

exports[`SongOrAlbumNFT Token Creator can transfer tokens in during a sale 1`] = `"0x01"`;

exports[`SongOrAlbumNFT Token Creator can transfer tokens out during a sale 1`] = `"0x00"`;

exports[`SongOrAlbumNFT Token Creator cannot change the price of the token 1`] = `[ProviderError: Error: VM Exception while processing transaction: reverted with reason string 'cannot set the price for a token you don't currently own']`;

exports[`SongOrAlbumNFT Token Creator cannot change the single URI of the contracts tokens 1`] = `[ProviderError: Error: VM Exception while processing transaction: reverted with reason string 'Ownable: caller is not the owner']`;

exports[`SongOrAlbumNFT Token Creator cannot create a single token 1`] = `[ProviderError: Error: VM Exception while processing transaction: reverted with reason string 'Ownable: caller is not the owner']`;

exports[`SongOrAlbumNFT Token Creator cannot set approval to buy the token 1`] = `[ProviderError: Error: VM Exception while processing transaction: reverted with reason string 'cannot set approval if not token owner']`;
